{
    "applicationType": "WIN",
    "classifications": [
        {
            "code": "BKC_CL_BPR",
            "features": [
                {
                    "code": "BKC_DVS_CATEGORY_BBM",
                    "comparable": true,
                    "featureValues": [
                        {
                            "code": "00119",
                            "value": "poster"
                        }
                    ],
                    "name": "Document category",
                    "range": false
                },
                {
                    "code": "BKC_DVS_DOCUMENT_LANGUAGE_BBM",
                    "comparable": true,
                    "featureValues": [
                        {
                            "code": "EN",
                            "value": "EN"
                        }
                    ],
                    "name": "Document language",
                    "range": false
                },
                {
                    "code": "BKC_DVS_RESPONSIBLE_PERSON_BBM",
                    "comparable": true,
                    "featureValues": [
                        {
                            "code": "BROECHDE",
                            "value": "BROECHDE"
                        }
                    ],
                    "name": "Responsible person for content",
                    "range": false
                },
                {
                    "code": "BKC_DVS_USAGE_BBM",
                    "comparable": true,
                    "featureValues": [
                        {
                            "code": "INTERN UND EXTERN",
                            "value": "Internal and external"
                        }
                    ],
                    "name": "Usage",
                    "range": false
                },
                {
                    "code": "BKC_DVS_PUBLICATIONCHANNEL_BBM",
                    "comparable": true,
                    "featureValues": [
                        {
                            "code": "CORPORATE WEBSITE",
                            "value": "Corporate Website"
                        }
                    ],
                    "name": "Publication channel",
                    "range": false
                },
                {
                    "code": "BKC_DVS_COUNTRY_RELEASE_BBM",
                    "comparable": true,
                    "featureValues": [
                        {
                            "code": "01",
                            "value": "01"
                        }
                    ],
                    "name": "Country release",
                    "range": false
                }
            ],
            "name": "Product Related Information"
        }
    ],
    "code": "BPR000000000000000100007757500000",
    "description": "How to locate insertion points and recognize vascular entry errors",
    "fileSize": "422293",
    "languages": [
        "EN"
    ],
    "lastModifiedTime": "15.06.2011",
    "marketingReleaseFeatureValue": [
        "01"
    ],
    "mediaUrl": "/medias/BKC-Test-Document.pdf?context=bWFzdGVyfHJvb3R8NDIyMjkzfGFwcGxpY2F0aW9uL3BkZnxoYzEvaGQxLzkzOTk4MzQ1NDIxMTAucGRmfDYzMDA3YzkyNjBjNTIwNTY3NTQ1MjAzZDQ0ZGZkMGNiMDU2Y2MzMzc5ZGFkYmEwYTA0ODAzY2ZiYTExYTQ1MTQ",
    "mime": "application/pdf",
    "name": "Poster Dispensing Pins",
    "picture": false,
    "preview": "/medias/?context=bWFzdGVyfHJvb3R8NTkzOHxpbWFnZS9qcGVnfGgxZS9oMDIvOTM5OTgzNzIyOTA4Ni5qcGd8ZDRlNjk5YWRlZDIxMWUyZTYxYWM4M2QzYmIzMjMzZTczZTc0ZGMwMDRkMGEyOTNlODI4MDA5ODExZmZmYWU2YQ",
    "productReferences": [
        {
            "posNr": 0,
            "preselected": false,
            "referenceType": "DOCUMENT",
            "target": {
                "code": "PRID00001269",
                "name": "TEST_PRODUCT CENTER 1269",
                "url": "/p/PRID00001269"
            }
        },
        {
            "posNr": 1,
            "preselected": false,
            "referenceType": "DOCUMENT",
            "target": {
                "code": "PRID00001270",
                "name": "TEST_PRODUCT CENTER 1270",
                "url": "/p/PRID00001270"
            }
        }
    ],
    "productType": "DOCUMENT",
    "realFileName": "BKC_Test_Document.pdf",
    "relatedProductLinks": [
        {
            "code": "PRID00001269",
            "materialShortText": "TEST_PRODUCT CENTER 1269",
            "name": "TEST_PRODUCT CENTER 1269",
            "url": "/p/PRID00001269"
        },
        {
            "code": "PRID00001270",
            "materialShortText": "TEST_PRODUCT CENTER 1270",
            "name": "TEST_PRODUCT CENTER 1270",
            "url": "/p/PRID00001270"
        }
    ],
    "resourceStatus": "UPDATED",
    "responsiblePersonForContent": [
        "BROECHDE"
    ],
    "status": "FR",
    "stock": {
        "stockLevel": 0,
        "stockLevelStatus": "inStock"
    },
    "summary": "",
    "type": "BPR",
    "url": "/doc/BPR000000000000000100007757500000",
    "version": "00"
}