[
	{
		"code": "BKC_CL_BPG",
		"features": [
			{
				"code": "BKC_DVS_CATEGORY_BBM",
				"comparable": true,
				"featureValues": [
					{
						"code": "00602",
						"value": "Product photographs"
					}
				],
				"name": "Document category",
				"range": false
			},
			{
				"code": "BKC_DVS_DOCUMENT_LANGUAGE_BBM",
				"comparable": true,
				"featureValues": [
					{
						"code": "EN",
						"value": "EN"
					}
				],
				"name": "Document language",
				"range": false
			},
			{
				"code": "BKC_DVS_RESPONSIBLE_PERSON_BBM",
				"comparable": true,
				"featureValues": [
					{
						"code": "WACKKADE",
						"value": "WACKKADE"
					}
				],
				"name": "Responsible person for content",
				"range": false
			},
			{
				"code": "BKC_DVS_USAGE_BBM",
				"comparable": true,
				"featureValues": [
					{
						"code": "INTERN UND EXTERN",
						"value": "Internal and external"
					}
				],
				"name": "Usage",
				"range": false
			},
			{
				"code": "BKC_DVS_PUBLICATIONCHANNEL_BBM",
				"comparable": true,
				"featureValues": [
					{
						"code": "CORPORATE WEBSITE US",
						"value": "CORPORATE WEBSITE US"
					}
				],
				"name": "Publication channel",
				"range": false
			},
			{
				"code": "BKC_DVS_COUNTRY_RELEASE_BBM",
				"comparable": true,
				"featureValues": [
					{
						"code": "US",
						"value": "US"
					}
				],
				"name": "Country release",
				"range": false
			},
			{
				"code": "BKC_DVS_RESOLUTION_BBM",
				"comparable": true,
				"featureValues": [
					{
						"code": "B",
						"value": "96"
					}
				],
				"name": "Resolution dpi",
				"range": false
			},
			{
				"code": "BKC_DVS_PICTURE_TYPE_BBM",
				"comparable": true,
				"featureValues": [
					{
						"code": "PRODUKTBILD VERGROESSERUNG WEB",
						"value": "Product Picture Web Enlargemen"
					}
				],
				"name": "Picture type",
				"range": false
			},
			{
				"code": "BKC_DVS_ACCESS_PERMISSION_BBM",
				"comparable": true,
				"featureValues": [
					{
						"code": "00042",
						"value": "00042"
					}
				],
				"name": "Permission group BKC",
				"range": false
			}
		],
		"name": "Picture/Drawing"
	}
]