{
    "errors": [
        {
            "message": "No Product found for given GTIN",
            "type": "UnknownIdentifierError"
        }
    ]
}