[
	{
		"code": "BKC_CL_BPG",
		"features": [
			{
				"code": "BKC_DVS_CATEGORY_BBM",
				"comparable": true,
				"featureValues": [
					{
						"code": "00602",
						"value": "Produktbilder"
					}
				],
				"name": "Dokumentenkategorie",
				"range": false
			},
			{
				"code": "BKC_DVS_DOCUMENT_LANGUAGE_BBM",
				"comparable": true,
				"featureValues": [
					{
						"code": "DE",
						"value": "DE"
					},
					{
						"code": "EN",
						"value": "EN"
					}
				],
				"name": "Dokumentensprache",
				"range": false
			},
			{
				"code": "BKC_DVS_RESPONSIBLE_PERSON_BBM",
				"comparable": true,
				"featureValues": [
					{
						"code": "LEVRLADE",
						"value": "LEVRLADE"
					}
				],
				"name": "Inhaltlich verantwortlich",
				"range": false
			},
			{
				"code": "BKC_DVS_USAGE_BBM",
				"comparable": true,
				"featureValues": [
					{
						"code": "INTERN UND EXTERN",
						"value": "intern und extern"
					}
				],
				"name": "Verwendung",
				"range": false
			},
			{
				"code": "BKC_DVS_PUBLICATIONCHANNEL_BBM",
				"comparable": true,
				"featureValues": [
					{
						"code": "CORPORATE WEBSITE",
						"value": "Corporate Website"
					}
				],
				"name": "Publikationskanal",
				"range": false
			},
			{
				"code": "BKC_DVS_COUNTRY_RELEASE_BBM",
				"comparable": true,
				"featureValues": [
					{
						"code": "AD",
						"value": "AD"
					},
					{
						"code": "DE",
						"value": "DE"
					},
					{
						"code": "AG",
						"value": "AG"
					}
				],
				"name": "Landesfreigabe",
				"range": false
			},
			{
				"code": "BKC_DVS_RESOLUTION_BBM",
				"comparable": true,
				"featureValues": [
					{
						"code": "B",
						"value": "96"
					}
				],
				"name": "Aufl√∂sung in dpi",
				"range": false
			},
			{
				"code": "BKC_DVS_PICTURE_TYPE_BBM",
				"comparable": true,
				"featureValues": [
					{
						"code": "PRODUKTBILD VERGROESSERUNG WEB",
						"value": "Produktbild Vergroesserung Web"
					}
				],
				"name": "Bildtyp",
				"range": false
			},
			{
				"code": "BKC_DVS_ACCESS_PERMISSION_BBM",
				"comparable": true,
				"featureValues": [
					{
						"code": "00042",
						"value": "00042"
					}
				],
				"name": "Zugriffsgruppe BKC",
				"range": false
			}
		],
		"name": "Bild/Grafik/Zeichnungen"
	}
]