{
    "baseUom": "ST",
    "baseUomIso": "PCE",
    "classifications": [
        {
            "code": "BKC_ARTICLES",
            "features": [
                {
                    "code": "BKC_AR_PUBLICATION_BLOCK",
                    "comparable": true,
                    "featureValues": [
                        {
                            "code": "HC CH PRINT",
                            "value": "HC CH Print"
                        }
                    ],
                    "name": "Sperre für Publikationskanal",
                    "range": false
                },
                {
                    "code": "BKC_AR_COUNTRY_RELEASE",
                    "comparable": true,
                    "featureValues": [
                        {
                            "code": "01",
                            "value": "01"
                        },
                        {
                            "code": "TR",
                            "value": "TR"
                        },
                        {
                            "code": "HR",
                            "value": "HR"
                        },
                        {
                            "code": "LV",
                            "value": "LV"
                        },
                        {
                            "code": "AT",
                            "value": "AT"
                        },
                        {
                            "code": "SK",
                            "value": "SK"
                        },
                        {
                            "code": "DE",
                            "value": "DE"
                        }
                    ],
                    "name": "Marketingfreigabe",
                    "range": false
                },
                {
                    "code": "BKC_AR_DELIVERY_CONTROL",
                    "comparable": true,
                    "featureValues": [
                        {
                            "code": "N",
                            "value": "Nein"
                        }
                    ],
                    "name": "Apothekenpflicht",
                    "range": false
                }
            ],
            "name": "Artikelrelevante Merkmale"
        },
        {
            "code": "BBM_SAL_7050",
            "features": [
                {
                    "code": "BBM_01002",
                    "comparable": true,
                    "featureValues": [
                        {
                            "code": "Softasept®",
                            "value": "Softasept®"
                        }
                    ],
                    "name": "Markenname",
                    "range": false
                },
                {
                    "code": "BBM_01002_G",
                    "comparable": true,
                    "featureValues": [
                        {
                            "code": "2134",
                            "value": "Softasept® N uncolored"
                        }
                    ],
                    "name": "Produktname (OM)",
                    "range": false
                },
                {
                    "code": "BBM_02092",
                    "comparable": true,
                    "featureValues": [
                        {
                            "code": "P81C",
                            "value": "Sprühflasche"
                        }
                    ],
                    "name": "Behälter",
                    "range": false
                },
                {
                    "code": "BBM_01048",
                    "comparable": true,
                    "featureValues": [
                        {
                            "code": "037",
                            "value": "Packung à 20 Stück"
                        }
                    ],
                    "name": "Verkaufseinheit",
                    "range": false
                },
                {
                    "code": "BBM_02095",
                    "comparable": true,
                    "featureValues": [
                        {
                            "code": "001",
                            "value": "Haut"
                        }
                    ],
                    "name": "Anwendungsgebiet (IC)",
                    "range": false
                },
                {
                    "code": "BBM_02091",
                    "comparable": true,
                    "featureValues": [
                        {
                            "code": "250.0 ml",
                            "value": "250.0 ml"
                        }
                    ],
                    "name": "Volumen",
                    "range": false
                },
                {
                    "code": "BBM_01099",
                    "comparable": true,
                    "featureValues": [
                        {
                            "code": "14",
                            "value": "Hautdesinfektion"
                        }
                    ],
                    "name": "Product type (OM)",
                    "range": false
                },
                {
                    "code": "BBM_05032",
                    "comparable": true,
                    "featureValues": [
                        {
                            "code": "Michel Mathys",
                            "value": "Michel Mathys"
                        }
                    ],
                    "name": "Produktmanager",
                    "range": false
                },
                {
                    "code": "BBM_90073",
                    "comparable": true,
                    "featureValues": [
                        {
                            "code": "IC",
                            "value": "Infection Control"
                        }
                    ],
                    "name": "Verantwortliches CoE",
                    "range": false
                },
                {
                    "code": "BBM_01104",
                    "comparable": true,
                    "featureValues": [
                        {
                            "code": "2",
                            "value": "Einwegartikel"
                        }
                    ],
                    "name": "Einmalgebr./Wiederverwendbar",
                    "range": false
                },
                {
                    "code": "BBM_90001_LATEX_P",
                    "comparable": true,
                    "featureValues": [
                        {
                            "code": "0",
                            "value": "Nein"
                        }
                    ],
                    "name": "Produkt enthält Latex",
                    "range": false
                },
                {
                    "code": "BBM_90000B",
                    "comparable": true,
                    "featureValues": [
                        {
                            "code": "01",
                            "value": "steril"
                        }
                    ],
                    "name": "Sterilität",
                    "range": false
                }
            ],
            "name": "Infection Control"
        }
    ],
    "code": "000000000003887138",
    "description": "",
    "division": "OM",
    "eanNumber": [
        {
            "eanCategory": "GTIN",
            "eanUpc": "7612449012204",
            "mainEan": true,
            "uid": "HI/ST/000000000003887138",
            "unit": "ST",
            "unitIso": "PCE"
        },
        {
            "eanCategory": "AT PC",
            "eanUpc": "1065102",
            "mainEan": false,
            "uid": "AT/ST/000000000003887138",
            "unit": "ST",
            "unitIso": "PCE"
        },
        {
            "eanCategory": "PZN",
            "eanUpc": "08505018",
            "mainEan": false,
            "uid": "PZ/ST/000000000003887138",
            "unit": "ST",
            "unitIso": "PCE"
        },
        {
            "eanCategory": "GTIN",
            "eanUpc": "7612449012228",
            "mainEan": true,
            "uid": "HI/KAR/000000000003887138",
            "unit": "KAR",
            "unitIso": "CT"
        },
        {
            "eanCategory": "GTIN",
            "eanUpc": "7612449012242",
            "mainEan": true,
            "uid": "HI/PAL/000000000003887138",
            "unit": "PAL",
            "unitIso": "PF"
        },
        {
            "eanCategory": "PZN",
            "eanUpc": "07620088",
            "mainEan": false,
            "uid": "PZ/KAR/000000000003887138",
            "unit": "KAR",
            "unitIso": "CT"
        }
    ],
    "hasClassifications": true,
    "localizedBkcTexts": [
        {
            "key": "de",
            "value": {
                "bkcTexts": [
                    {
                        "bkcCountry": "DE",
                        "language": "D",
                        "languageIso": "DE",
                        "text": "Softasept® N farblos, 250 ml Sprühflasche",
                        "textType": "XNAME",
                        "uid": "XNAMEDEDE/000000000003887138"
                    }
                ]
            }
        }
    ],
    "marketingReleaseFeatureValue": [
        "DE",
        "AT",
        "SK",
        "LV",
        "HR",
        "TR",
        "01"
    ],
    "materialLocalDatas": [
        {
            "attributeDescription": "Standard price",
            "attributeType": "CURR00011",
            "field": "STPRS",
            "fieldName": "MBEW_STPRS",
            "organisationKey": "SG02VALUATION",
            "organisationType": "VALUATION"
        },
        {
            "attributeDescription": "Standard price",
            "attributeType": "CURR00011",
            "field": "STPRS",
            "fieldName": "MBEW_STPRS",
            "organisationKey": "MY07VALUATION",
            "organisationType": "VALUATION"
        },
        {
            "attributeDescription": "Standard price",
            "attributeType": "CURR00011",
            "field": "STPRS",
            "fieldName": "MBEW_STPRS",
            "organisationKey": "MY06VALUATION",
            "organisationType": "VALUATION"
        },
        {
            "attributeDescription": "Mindestauftragsmenge",
            "attributeType": "NUM00013",
            "attributeValue": "20",
            "field": "AUMNG",
            "fieldName": "MVKE_AUMNG",
            "organisationKey": "101000DCHAIN",
            "organisationType": "DCHAIN",
            "valueLow": "20"
        },
        {
            "attributeDescription": "Mindestauftragsmenge",
            "attributeType": "NUM00013",
            "attributeValue": "1",
            "field": "AUMNG",
            "fieldName": "MVKE_AUMNG",
            "organisationKey": "101001DCHAIN",
            "organisationType": "DCHAIN",
            "valueLow": "1"
        },
        {
            "attributeDescription": "Mindestauftragsmenge",
            "attributeType": "NUM00013",
            "attributeValue": "20",
            "field": "AUMNG",
            "fieldName": "MVKE_AUMNG",
            "organisationKey": "1010E7DCHAIN",
            "organisationType": "DCHAIN",
            "valueLow": "20"
        },
        {
            "attributeDescription": "Mindestauftragsmenge",
            "attributeType": "NUM00013",
            "attributeValue": "0",
            "field": "AUMNG",
            "fieldName": "MVKE_AUMNG",
            "organisationKey": "177000DCHAIN",
            "organisationType": "DCHAIN",
            "valueLow": "0"
        },
        {
            "attributeDescription": "Mindestauftragsmenge",
            "attributeType": "NUM00013",
            "attributeValue": "20",
            "field": "AUMNG",
            "fieldName": "MVKE_AUMNG",
            "organisationKey": "189000DCHAIN",
            "organisationType": "DCHAIN",
            "valueLow": "20"
        },
        {
            "attributeDescription": "Bonusgruppe",
            "attributeType": "CHAR00002",
            "attributeValue": "B5",
            "field": "BONUS",
            "fieldName": "MVKE_BONUS",
            "organisationKey": "101000DCHAIN",
            "organisationType": "DCHAIN"
        },
        {
            "attributeDescription": "Bonusgruppe",
            "attributeType": "CHAR00002",
            "field": "BONUS",
            "fieldName": "MVKE_BONUS",
            "organisationKey": "101001DCHAIN",
            "organisationType": "DCHAIN"
        },
        {
            "attributeDescription": "Bonusgruppe",
            "attributeType": "CHAR00002",
            "field": "BONUS",
            "fieldName": "MVKE_BONUS",
            "organisationKey": "177000DCHAIN",
            "organisationType": "DCHAIN"
        },
        {
            "attributeDescription": "Bonusgruppe",
            "attributeType": "CHAR00002",
            "field": "BONUS",
            "fieldName": "MVKE_BONUS",
            "organisationKey": "1010E7DCHAIN",
            "organisationType": "DCHAIN"
        },
        {
            "attributeDescription": "Bonusgruppe",
            "attributeType": "CHAR00002",
            "field": "BONUS",
            "fieldName": "MVKE_BONUS",
            "organisationKey": "189000DCHAIN",
            "organisationType": "DCHAIN"
        },
        {
            "attributeDescription": "Auslieferungswerk",
            "attributeType": "CHAR00004",
            "attributeValue": "DE10",
            "field": "DWERK",
            "fieldName": "MVKE_DWERK",
            "organisationKey": "101000DCHAIN",
            "organisationType": "DCHAIN"
        },
        {
            "attributeDescription": "Auslieferungswerk",
            "attributeType": "CHAR00004",
            "attributeValue": "DE10",
            "field": "DWERK",
            "fieldName": "MVKE_DWERK",
            "organisationKey": "101001DCHAIN",
            "organisationType": "DCHAIN"
        },
        {
            "attributeDescription": "Auslieferungswerk",
            "attributeType": "CHAR00004",
            "attributeValue": "DE10",
            "field": "DWERK",
            "fieldName": "MVKE_DWERK",
            "organisationKey": "1010E7DCHAIN",
            "organisationType": "DCHAIN"
        },
        {
            "attributeDescription": "Auslieferungswerk",
            "attributeType": "CHAR00004",
            "attributeValue": "DE10",
            "field": "DWERK",
            "fieldName": "MVKE_DWERK",
            "organisationKey": "177000DCHAIN",
            "organisationType": "DCHAIN"
        },
        {
            "attributeDescription": "Auslieferungswerk",
            "attributeType": "CHAR00004",
            "attributeValue": "DE10",
            "field": "DWERK",
            "fieldName": "MVKE_DWERK",
            "organisationKey": "189000DCHAIN",
            "organisationType": "DCHAIN"
        },
        {
            "attributeDescription": "Mindestliefermenge",
            "attributeType": "NUM00013",
            "attributeValue": "20",
            "field": "LFMNG",
            "fieldName": "MVKE_LFMNG",
            "organisationKey": "101000DCHAIN",
            "organisationType": "DCHAIN",
            "valueLow": "20"
        },
        {
            "attributeDescription": "Mindestliefermenge",
            "attributeType": "NUM00013",
            "attributeValue": "1",
            "field": "LFMNG",
            "fieldName": "MVKE_LFMNG",
            "organisationKey": "1010E7DCHAIN",
            "organisationType": "DCHAIN",
            "valueLow": "1"
        },
        {
            "attributeDescription": "Mindestliefermenge",
            "attributeType": "NUM00013",
            "attributeValue": "1",
            "field": "LFMNG",
            "fieldName": "MVKE_LFMNG",
            "organisationKey": "101001DCHAIN",
            "organisationType": "DCHAIN",
            "valueLow": "1"
        },
        {
            "attributeDescription": "Mindestliefermenge",
            "attributeType": "NUM00013",
            "attributeValue": "0",
            "field": "LFMNG",
            "fieldName": "MVKE_LFMNG",
            "organisationKey": "177000DCHAIN",
            "organisationType": "DCHAIN",
            "valueLow": "0"
        },
        {
            "attributeDescription": "Mindestliefermenge",
            "attributeType": "NUM00013",
            "attributeValue": "20",
            "field": "LFMNG",
            "fieldName": "MVKE_LFMNG",
            "organisationKey": "189000DCHAIN",
            "organisationType": "DCHAIN",
            "valueLow": "20"
        },
        {
            "attributeDescription": "Materialgruppe 1",
            "attributeType": "CHAR00003",
            "attributeValue": "620",
            "field": "MVGR1",
            "fieldName": "MVKE_MVGR1",
            "organisationKey": "101000DCHAIN",
            "organisationType": "DCHAIN"
        },
        {
            "attributeDescription": "Materialgruppe 1",
            "attributeType": "CHAR00003",
            "field": "MVGR1",
            "fieldName": "MVKE_MVGR1",
            "organisationKey": "101001DCHAIN",
            "organisationType": "DCHAIN"
        },
        {
            "attributeDescription": "Materialgruppe 1",
            "attributeType": "CHAR00003",
            "field": "MVGR1",
            "fieldName": "MVKE_MVGR1",
            "organisationKey": "1010E7DCHAIN",
            "organisationType": "DCHAIN"
        },
        {
            "attributeDescription": "Materialgruppe 1",
            "attributeType": "CHAR00003",
            "field": "MVGR1",
            "fieldName": "MVKE_MVGR1",
            "organisationKey": "177000DCHAIN",
            "organisationType": "DCHAIN"
        },
        {
            "attributeDescription": "Materialgruppe 1",
            "attributeType": "CHAR00003",
            "attributeValue": "960",
            "field": "MVGR1",
            "fieldName": "MVKE_MVGR1",
            "organisationKey": "189000DCHAIN",
            "organisationType": "DCHAIN"
        },
        {
            "attributeDescription": "Materialgruppe 2",
            "attributeType": "CHAR00003",
            "field": "MVGR2",
            "fieldName": "MVKE_MVGR2",
            "organisationKey": "101001DCHAIN",
            "organisationType": "DCHAIN"
        },
        {
            "attributeDescription": "Materialgruppe 2",
            "attributeType": "CHAR00003",
            "field": "MVGR2",
            "fieldName": "MVKE_MVGR2",
            "organisationKey": "1010E7DCHAIN",
            "organisationType": "DCHAIN"
        },
        {
            "attributeDescription": "Materialgruppe 2",
            "attributeType": "CHAR00003",
            "attributeValue": "200",
            "field": "MVGR2",
            "fieldName": "MVKE_MVGR2",
            "organisationKey": "101000DCHAIN",
            "organisationType": "DCHAIN"
        },
        {
            "attributeDescription": "Materialgruppe 2",
            "attributeType": "CHAR00003",
            "field": "MVGR2",
            "fieldName": "MVKE_MVGR2",
            "organisationKey": "177000DCHAIN",
            "organisationType": "DCHAIN"
        },
        {
            "attributeDescription": "Materialgruppe 2",
            "attributeType": "CHAR00003",
            "field": "MVGR2",
            "fieldName": "MVKE_MVGR2",
            "organisationKey": "189000DCHAIN",
            "organisationType": "DCHAIN"
        },
        {
            "attributeDescription": "Materialgruppe 3",
            "attributeType": "CHAR00003",
            "attributeValue": "Z01",
            "field": "MVGR3",
            "fieldName": "MVKE_MVGR3",
            "organisationKey": "101000DCHAIN",
            "organisationType": "DCHAIN"
        },
        {
            "attributeDescription": "Materialgruppe 3",
            "attributeType": "CHAR00003",
            "attributeValue": "Z15",
            "field": "MVGR3",
            "fieldName": "MVKE_MVGR3",
            "organisationKey": "101001DCHAIN",
            "organisationType": "DCHAIN"
        },
        {
            "attributeDescription": "Materialgruppe 3",
            "attributeType": "CHAR00003",
            "field": "MVGR3",
            "fieldName": "MVKE_MVGR3",
            "organisationKey": "1010E7DCHAIN",
            "organisationType": "DCHAIN"
        },
        {
            "attributeDescription": "Materialgruppe 3",
            "attributeType": "CHAR00003",
            "field": "MVGR3",
            "fieldName": "MVKE_MVGR3",
            "organisationKey": "177000DCHAIN",
            "organisationType": "DCHAIN"
        },
        {
            "attributeDescription": "Materialgruppe 3",
            "attributeType": "CHAR00003",
            "attributeValue": "Z26",
            "field": "MVGR3",
            "fieldName": "MVKE_MVGR3",
            "organisationKey": "189000DCHAIN",
            "organisationType": "DCHAIN"
        },
        {
            "attributeDescription": "Materialgruppe 4",
            "attributeType": "CHAR00003",
            "attributeValue": "D12",
            "field": "MVGR4",
            "fieldName": "MVKE_MVGR4",
            "organisationKey": "101000DCHAIN",
            "organisationType": "DCHAIN"
        },
        {
            "attributeDescription": "Materialgruppe 4",
            "attributeType": "CHAR00003",
            "field": "MVGR4",
            "fieldName": "MVKE_MVGR4",
            "organisationKey": "101001DCHAIN",
            "organisationType": "DCHAIN"
        },
        {
            "attributeDescription": "Materialgruppe 4",
            "attributeType": "CHAR00003",
            "field": "MVGR4",
            "fieldName": "MVKE_MVGR4",
            "organisationKey": "1010E7DCHAIN",
            "organisationType": "DCHAIN"
        },
        {
            "attributeDescription": "Materialgruppe 4",
            "attributeType": "CHAR00003",
            "field": "MVGR4",
            "fieldName": "MVKE_MVGR4",
            "organisationKey": "177000DCHAIN",
            "organisationType": "DCHAIN"
        },
        {
            "attributeDescription": "Materialgruppe 4",
            "attributeType": "CHAR00003",
            "field": "MVGR4",
            "fieldName": "MVKE_MVGR4",
            "organisationKey": "189000DCHAIN",
            "organisationType": "DCHAIN"
        },
        {
            "attributeDescription": "Liefereinheit",
            "attributeType": "NUM00013",
            "attributeValue": "20",
            "field": "SCMNG",
            "fieldName": "MVKE_SCMNG",
            "organisationKey": "101000DCHAIN",
            "organisationType": "DCHAIN",
            "valueLow": "20"
        },
        {
            "attributeDescription": "Liefereinheit",
            "attributeType": "NUM00013",
            "attributeValue": "1",
            "field": "SCMNG",
            "fieldName": "MVKE_SCMNG",
            "organisationKey": "101001DCHAIN",
            "organisationType": "DCHAIN",
            "valueLow": "1"
        },
        {
            "attributeDescription": "Liefereinheit",
            "attributeType": "NUM00013",
            "attributeValue": "20",
            "field": "SCMNG",
            "fieldName": "MVKE_SCMNG",
            "organisationKey": "1010E7DCHAIN",
            "organisationType": "DCHAIN",
            "valueLow": "20"
        },
        {
            "attributeDescription": "Liefereinheit",
            "attributeType": "NUM00013",
            "attributeValue": "20",
            "field": "SCMNG",
            "fieldName": "MVKE_SCMNG",
            "organisationKey": "177000DCHAIN",
            "organisationType": "DCHAIN",
            "valueLow": "20"
        },
        {
            "attributeDescription": "Liefereinheit",
            "attributeType": "NUM00013",
            "attributeValue": "20",
            "field": "SCMNG",
            "fieldName": "MVKE_SCMNG",
            "organisationKey": "189000DCHAIN",
            "organisationType": "DCHAIN",
            "valueLow": "20"
        },
        {
            "attributeDescription": "VTL-spez. Status",
            "attributeType": "CHAR00002",
            "field": "VMSTA",
            "fieldName": "MVKE_VMSTA",
            "organisationKey": "276000DCHAIN",
            "organisationType": "DCHAIN"
        },
        {
            "attributeDescription": "VTL-spez. Status",
            "attributeType": "CHAR00002",
            "attributeValue": "V2",
            "field": "VMSTA",
            "fieldName": "MVKE_VMSTA",
            "organisationKey": "101000DCHAIN",
            "organisationType": "DCHAIN"
        },
        {
            "attributeDescription": "VTL-spez. Status",
            "attributeType": "CHAR00002",
            "attributeValue": "V2",
            "field": "VMSTA",
            "fieldName": "MVKE_VMSTA",
            "organisationKey": "101001DCHAIN",
            "organisationType": "DCHAIN"
        },
        {
            "attributeDescription": "VTL-spez. Status",
            "attributeType": "CHAR00002",
            "field": "VMSTA",
            "fieldName": "MVKE_VMSTA",
            "organisationKey": "177000DCHAIN",
            "organisationType": "DCHAIN"
        },
        {
            "attributeDescription": "VTL-spez. Status",
            "attributeType": "CHAR00002",
            "field": "VMSTA",
            "fieldName": "MVKE_VMSTA",
            "organisationKey": "1010E7DCHAIN",
            "organisationType": "DCHAIN"
        },
        {
            "attributeDescription": "Verkaufsmengeneinh.",
            "attributeType": "CHAR00003",
            "field": "VRKME",
            "fieldName": "MVKE_VRKME",
            "organisationKey": "101000DCHAIN",
            "organisationType": "DCHAIN"
        },
        {
            "attributeDescription": "VTL-spez. Status",
            "attributeType": "CHAR00002",
            "attributeValue": "V2",
            "field": "VMSTA",
            "fieldName": "MVKE_VMSTA",
            "organisationKey": "189000DCHAIN",
            "organisationType": "DCHAIN"
        },
        {
            "attributeDescription": "Verkaufsmengeneinh.",
            "attributeType": "CHAR00003",
            "field": "VRKME",
            "fieldName": "MVKE_VRKME",
            "organisationKey": "101001DCHAIN",
            "organisationType": "DCHAIN"
        },
        {
            "attributeDescription": "Verkaufsmengeneinh.",
            "attributeType": "CHAR00003",
            "field": "VRKME",
            "fieldName": "MVKE_VRKME",
            "organisationKey": "1010E7DCHAIN",
            "organisationType": "DCHAIN"
        },
        {
            "attributeDescription": "Verkaufsmengeneinh.",
            "attributeType": "CHAR00003",
            "field": "VRKME",
            "fieldName": "MVKE_VRKME",
            "organisationKey": "177000DCHAIN",
            "organisationType": "DCHAIN"
        },
        {
            "attributeDescription": "Verkaufsmengeneinh.",
            "attributeType": "CHAR00003",
            "field": "VRKME",
            "fieldName": "MVKE_VRKME",
            "organisationKey": "189000DCHAIN",
            "organisationType": "DCHAIN"
        },
        {
            "attributeDescription": "Apothekenpflicht",
            "attributeType": "CHAR00002",
            "attributeValue": "20",
            "field": "ZZAPOPF",
            "fieldName": "MVKE_ZZAPOPF",
            "organisationKey": "101000DCHAIN",
            "organisationType": "DCHAIN"
        },
        {
            "attributeDescription": "Apothekenpflicht",
            "attributeType": "CHAR00002",
            "attributeValue": "20",
            "field": "ZZAPOPF",
            "fieldName": "MVKE_ZZAPOPF",
            "organisationKey": "101001DCHAIN",
            "organisationType": "DCHAIN"
        },
        {
            "attributeDescription": "Apothekenpflicht",
            "attributeType": "CHAR00002",
            "field": "ZZAPOPF",
            "fieldName": "MVKE_ZZAPOPF",
            "organisationKey": "1010E7DCHAIN",
            "organisationType": "DCHAIN"
        },
        {
            "attributeDescription": "Apothekenpflicht",
            "attributeType": "CHAR00002",
            "attributeValue": "20",
            "field": "ZZAPOPF",
            "fieldName": "MVKE_ZZAPOPF",
            "organisationKey": "177000DCHAIN",
            "organisationType": "DCHAIN"
        },
        {
            "attributeDescription": "Apothekenpflicht",
            "attributeType": "CHAR00002",
            "attributeValue": "20",
            "field": "ZZAPOPF",
            "fieldName": "MVKE_ZZAPOPF",
            "organisationKey": "189000DCHAIN",
            "organisationType": "DCHAIN"
        },
        {
            "attributeDescription": "Preisgruppe",
            "attributeType": "CHAR00004",
            "attributeValue": "CD1",
            "field": "ZZPRSGR",
            "fieldName": "MVKE_ZZPRSGR",
            "organisationKey": "101000DCHAIN",
            "organisationType": "DCHAIN"
        },
        {
            "attributeDescription": "Preisgruppe",
            "attributeType": "CHAR00004",
            "attributeValue": "CD1",
            "field": "ZZPRSGR",
            "fieldName": "MVKE_ZZPRSGR",
            "organisationKey": "101001DCHAIN",
            "organisationType": "DCHAIN"
        },
        {
            "attributeDescription": "Preisgruppe",
            "attributeType": "CHAR00004",
            "field": "ZZPRSGR",
            "fieldName": "MVKE_ZZPRSGR",
            "organisationKey": "1010E7DCHAIN",
            "organisationType": "DCHAIN"
        },
        {
            "attributeDescription": "Preisgruppe",
            "attributeType": "CHAR00004",
            "field": "ZZPRSGR",
            "fieldName": "MVKE_ZZPRSGR",
            "organisationKey": "177000DCHAIN",
            "organisationType": "DCHAIN"
        },
        {
            "attributeDescription": "Preisgruppe",
            "attributeType": "CHAR00004",
            "field": "ZZPRSGR",
            "fieldName": "MVKE_ZZPRSGR",
            "organisationKey": "189000DCHAIN",
            "organisationType": "DCHAIN"
        },
        {
            "attributeDescription": "Preishauptgruppe",
            "attributeType": "CHAR00002",
            "attributeValue": "77",
            "field": "ZZPRSHG",
            "fieldName": "MVKE_ZZPRSHG",
            "organisationKey": "101001DCHAIN",
            "organisationType": "DCHAIN"
        },
        {
            "attributeDescription": "Preishauptgruppe",
            "attributeType": "CHAR00002",
            "attributeValue": "75",
            "field": "ZZPRSHG",
            "fieldName": "MVKE_ZZPRSHG",
            "organisationKey": "101000DCHAIN",
            "organisationType": "DCHAIN"
        },
        {
            "attributeDescription": "Preishauptgruppe",
            "attributeType": "CHAR00002",
            "field": "ZZPRSHG",
            "fieldName": "MVKE_ZZPRSHG",
            "organisationKey": "177000DCHAIN",
            "organisationType": "DCHAIN"
        },
        {
            "attributeDescription": "Preishauptgruppe",
            "attributeType": "CHAR00002",
            "field": "ZZPRSHG",
            "fieldName": "MVKE_ZZPRSHG",
            "organisationKey": "1010E7DCHAIN",
            "organisationType": "DCHAIN"
        },
        {
            "attributeDescription": "Preishauptgruppe",
            "attributeType": "CHAR00002",
            "field": "ZZPRSHG",
            "fieldName": "MVKE_ZZPRSHG",
            "organisationKey": "189000DCHAIN",
            "organisationType": "DCHAIN"
        }
    ],
    "materialShortText": "SOFTASEPT-N UNCOLORED SPRAY \"DE\" 250ML",
    "materialType": "BBM",
    "name": "SOFTASEPT-N UNGEF. SPRUEHFL. \"DE\" 250ML",
    "productReferences": [
        {
            "posNr": 0,
            "preselected": false,
            "referenceType": "DOCUMENT",
            "target": {
                "code": "BPG000000000000000100011683000000",
                "mimeDetails": "image/jpeg",
                "name": "Softasept® N",
                "pictureSortOrder": 1000000,
                "url": "/doc/BPG000000000000000100011683000000"
            }
        },
        {
            "posNr": 1,
            "preselected": false,
            "referenceType": "DOCUMENT",
            "target": {
                "code": "BPG000000000000000100018616900000",
                "mimeDetails": "image/jpeg",
                "name": "Softasept® N",
                "pictureSortOrder": 1000000,
                "url": "/doc/BPG000000000000000100018616900000"
            }
        }
    ],
    "productType": "ARTICLE",
    "purStatus": "M2",
    "resourceStatus": "UPDATED",
    "salStatus": "V2",
    "sapModifiedTime": "2017-09-06T10:48:01+0000",
    "stock": {
        "stockLevel": 0,
        "stockLevelStatus": "inStock"
    },
    "summary": "",
    "transportGroup": "0001",
    "uom": [
        {
            "alternativeUnit": "ST",
            "alternativeUnitIso": "PCE",
            "code": "ST/000000000003887138",
            "denominator": 1,
            "eanCategory": "GTIN",
            "eanUpc": "7612449012204",
            "grossWeight": 256,
            "height": 19,
            "internationalCharacteristics": "0000000000",
            "length": 5,
            "netWeight": 211,
            "numberOfSubUom": 0,
            "numerator": 1,
            "unitDimension": "CM",
            "unitDimensionIso": "CMT",
            "uomSortNumber": 0,
            "volume": 475,
            "volumeUnit": "CCM",
            "volumeUnitIso": "CMQ",
            "weightUnit": "G",
            "weightUnitIso": "GRM",
            "width": 5
        },
        {
            "alternativeUnit": "ST",
            "denominator": 1,
            "eanCategory": "AT PC",
            "eanUpc": "1065102",
            "grossWeight": 256,
            "height": 19,
            "length": 5,
            "netWeight": 211,
            "numerator": 1,
            "unitDimension": "CM",
            "uomSortNumber": 0,
            "volume": 475,
            "volumeUnit": "CCM",
            "weightUnit": "G",
            "width": 5
        },
        {
            "alternativeUnit": "ST",
            "denominator": 1,
            "eanCategory": "PZN",
            "eanUpc": "08505018",
            "grossWeight": 256,
            "height": 19,
            "length": 5,
            "netWeight": 211,
            "numerator": 1,
            "unitDimension": "CM",
            "uomSortNumber": 0,
            "volume": 475,
            "volumeUnit": "CCM",
            "weightUnit": "G",
            "width": 5
        },
        {
            "alternativeUnit": "ZGV",
            "alternativeUnitIso": "ZGV",
            "code": "ZGV/000000000003887138",
            "denominator": 1,
            "grossWeight": 0,
            "height": 0,
            "internationalCharacteristics": "0000000000",
            "length": 0,
            "netWeight": 0,
            "numberOfSubUom": 0,
            "numerator": 4,
            "uomSortNumber": 0,
            "volume": 0,
            "width": 0
        },
        {
            "alternativeUnit": "KAR",
            "alternativeUnitIso": "CT",
            "code": "KAR/000000000003887138",
            "denominator": 1,
            "eanCategory": "GTIN",
            "eanUpc": "7612449012228",
            "grossWeight": 5.12,
            "height": 20,
            "internationalCharacteristics": "0000000000",
            "length": 28,
            "netWeight": 0,
            "numberOfSubUom": 0,
            "numerator": 20,
            "unitDimension": "CM",
            "unitDimensionIso": "CMT",
            "uomSortNumber": 0,
            "volume": 12.88,
            "volumeUnit": "CDM",
            "volumeUnitIso": "DMQ",
            "weightUnit": "KG",
            "weightUnitIso": "KGM",
            "width": 23
        },
        {
            "alternativeUnit": "KAR",
            "denominator": 1,
            "eanCategory": "PZN",
            "eanUpc": "07620088",
            "grossWeight": 5.12,
            "height": 20,
            "length": 28,
            "netWeight": 0,
            "numerator": 20,
            "unitDimension": "CM",
            "uomSortNumber": 0,
            "volume": 12.88,
            "volumeUnit": "CDM",
            "weightUnit": "KG",
            "width": 23
        },
        {
            "alternativeUnit": "LG",
            "alternativeUnitIso": "LR",
            "code": "LG/000000000003887138",
            "denominator": 1,
            "grossWeight": 71.68,
            "height": 20,
            "internationalCharacteristics": "0000000000",
            "length": 120,
            "netWeight": 0,
            "numberOfSubUom": 0,
            "numerator": 280,
            "unitDimension": "CM",
            "unitDimensionIso": "CMT",
            "uomSortNumber": 0,
            "volume": 192,
            "volumeUnit": "CDM",
            "volumeUnitIso": "DMQ",
            "weightUnit": "KG",
            "weightUnitIso": "KGM",
            "width": 80
        },
        {
            "alternativeUnit": "ZGM",
            "alternativeUnitIso": "ZGM",
            "code": "ZGM/000000000003887138",
            "denominator": 259,
            "grossWeight": 0,
            "height": 0,
            "internationalCharacteristics": "0000000000",
            "length": 0,
            "netWeight": 0,
            "numberOfSubUom": 0,
            "numerator": 1000,
            "uomSortNumber": 0,
            "volume": 0,
            "width": 0
        },
        {
            "alternativeUnit": "PAL",
            "alternativeUnitIso": "PF",
            "code": "PAL/000000000003887138",
            "denominator": 1,
            "eanCategory": "GTIN",
            "eanUpc": "7612449012242",
            "grossWeight": 523.76,
            "height": 155,
            "internationalCharacteristics": "0000000000",
            "length": 120,
            "netWeight": 0,
            "numberOfSubUom": 0,
            "numerator": 1960,
            "unitDimension": "CM",
            "unitDimensionIso": "CMT",
            "uomSortNumber": 0,
            "volume": 1488,
            "volumeUnit": "CDM",
            "volumeUnitIso": "DMQ",
            "weightUnit": "KG",
            "weightUnitIso": "KGM",
            "width": 80
        },
        {
            "alternativeUnit": "VOC",
            "alternativeUnitIso": "VOC",
            "code": "VOC/000000000003887138",
            "denominator": 1775,
            "grossWeight": 0,
            "height": 0,
            "internationalCharacteristics": "0000000000",
            "length": 0,
            "netWeight": 0,
            "numberOfSubUom": 0,
            "numerator": 10000,
            "uomSortNumber": 0,
            "volume": 0,
            "width": 0
        }
    ],
    "url": "/p/000000000003887138"
}